// Jest Snapshot v1, https://goo.gl/fbAQLP

exports[`Test1Component should match snapshot 1`] = `
<pm-test1>
  <mat-card
    class="mat-card"
  >
     Test 1 Project
  
  </mat-card>
</pm-test1>
`;
