// Jest Snapshot v1, https://goo.gl/fbAQLP

exports[`AdminComponent should match snapshot 1`] = `
<pm-admin>
  <md-card
    class="mat-card"
  >
    
    
    <h1>
      Admin
    </h1>
    
    
    <p>
      Your Admin module is routed here
    </p>
    
  
  </md-card>
</pm-admin>
`;
