// Jest Snapshot v1, https://goo.gl/fbAQLP

exports[`LogoutComponent should compile 1`] = `
<pm-logout>
  You have been logged out. Come back soon!
</pm-logout>
`;
