// Jest Snapshot v1, https://goo.gl/fbAQLP

exports[`TestComponent should match snapshot 1`] = `
<pm-test>
  <router-outlet />
</pm-test>
`;
