// Jest Snapshot v1, https://goo.gl/fbAQLP

exports[`AdminComponent should match snapshot 1`] = `
<pm-admin>
  <h1>
    Admin
  </h1><p>
    Your Admin module is routed here
  </p>
</pm-admin>
`;
