// Jest Snapshot v1, https://goo.gl/fbAQLP

exports[`HomeComponent should compile 1`] = `
<pm-home
  containerClass={[Function Boolean]}
>
  <mat-card
    class="mat-card"
  >
    
    
    <h1
      class="display-3"
    >
      Hello, Angular Developer!
    </h1>
    
    
    <p
      class="lead"
    >
      Welcome to a blazing fast Angular Universal development starter
    </p>
    
    
    <a
      angulartics2on="click"
      angularticsevent="ViewRepo"
      class="mat-raised-button"
      color="primary"
      href="https://github.com/patrickmichalina/fusebox-angular-universal-starter"
      mat-raised-button=""
      role="button"
    >
      <span
        class="mat-button-wrapper"
      >
        
      
        <mat-icon
          aria-hidden="true"
          class="fa fa-github mat-icon"
          role="img"
        />
         Github
      </span>
      <div
        class="mat-button-ripple mat-ripple"
        matripple=""
      />
      <div
        class="mat-button-focus-overlay"
      />
    </a>
    
    
    <mat-tab-group
      class="mat-tab-group mat-primary"
    >
      <mat-tab-header
        class="mat-tab-header"
      >
        <div
          aria-hidden="true"
          class="mat-tab-header-pagination mat-tab-header-pagination-before mat-elevation-z4 mat-ripple"
          mat-ripple=""
        >
          <div
            class="mat-tab-header-pagination-chevron"
          />
        </div>
        <div
          class="mat-tab-label-container"
        >
          <div
            class="mat-tab-list"
            role="tablist"
          >
            <div
              class="mat-tab-labels"
            >
              
            </div>
            <mat-ink-bar
              class="mat-ink-bar"
            />
          </div>
        </div>
        <div
          aria-hidden="true"
          class="mat-tab-header-pagination mat-tab-header-pagination-after mat-elevation-z4 mat-ripple"
          mat-ripple=""
        >
          <div
            class="mat-tab-header-pagination-chevron"
          />
        </div>
      </mat-tab-header>
      <div
        class="mat-tab-body-wrapper"
      >
        
      </div>
    </mat-tab-group>
    
  
  </mat-card>
</pm-home>
`;
