// Jest Snapshot v1, https://goo.gl/fbAQLP

exports[`AboutComponent should match snapshot 1`] = `
<pm-about>
  <md-card
    class="mat-card"
  >
    
    
    <h1>
      About
    </h1>
    
    
    <p>
      An Angular starter with all the tools necessary to create server rendered Angular applications.
    </p>
    
  
  </md-card>
</pm-about>
`;
