// Jest Snapshot v1, https://goo.gl/fbAQLP

exports[`AboutComponent should match snapshot 1`] = `
<pm-about
  db={[Function MockDb]}
  test$={[Function ScalarObservable]}
>
  <h1>
    About
  </h1>
  <p>
    An Angular starter with all the tools necessary to create server rendered Angular applications.
  </p>
  
  <div>
    "test"
  </div>
</pm-about>
`;
